[1m[33m
Warning: This is a simple server for use in testing or debugging Angular applications
locally. It hasn't been reviewed for security issues.

Binding this server to an open connection can result in compromising your application or
computer. Using a different host than the one passed to the "--host" flag might result in
websocket connection issues.
    [39m[22m
[33m>[39m Building...
[32m√[39m Building...
[1mInitial chunk files[22m                 [2m | [22m[1mNames[22m                   [2m | [22m [1mRaw size[22m
[32mmain.js[39m                             [2m | [22m[2mmain[22m                    [2m | [22m  [36m4.44 kB[39m[2m | [22m
[32mchunk-6S66F2FX.js[39m                   [2m | [22m[2m-[22m                       [2m | [22m  [36m3.23 kB[39m[2m | [22m
[32mstyles.css[39m                          [2m | [22m[2mstyles[22m                  [2m | [22m  [36m1.51 kB[39m[2m | [22m
[32mchunk-PZ5AY32C.js[39m                   [2m | [22m[2m-[22m                       [2m | [22m[36m234 bytes[39m[2m | [22m
[32mchunk-PMMWMDZH.js[39m                   [2m | [22m[2m-[22m                       [2m | [22m[36m162 bytes[39m[2m | [22m

[1m [22m                                   [2m | [22m[1mInitial total[22m           [2m | [22m  [1m9.58 kB[22m

[1mLazy chunk files[22m                    [2m | [22m[1mNames[22m                   [2m | [22m [1mRaw size[22m
[32mupload-antique.component-I7TCTV7R.js[39m[2m | [22m[2mupload-antique-component[22m[2m | [22m[36m146.48 kB[39m[2m | [22m
[32mcollection.component-GBLYDFMY.js[39m    [2m | [22m[2mcollection-component[22m    [2m | [22m[36m115.55 kB[39m[2m | [22m
[32mantique-detail.component-HFI2SJEY.js[39m[2m | [22m[2mantique-detail-component[22m[2m | [22m [36m92.10 kB[39m[2m | [22m
[32mmanage-users.component-5XB4RW7Y.js[39m  [2m | [22m[2mmanage-users-component[22m  [2m | [22m [36m69.87 kB[39m[2m | [22m
[32mmain-layout.component-TJ2JREDM.js[39m   [2m | [22m[2mmain-layout-component[22m   [2m | [22m [36m35.34 kB[39m[2m | [22m
[32mlogin.component-7LSY2YBL.js[39m         [2m | [22m[2mlogin-component[22m         [2m | [22m [36m26.21 kB[39m[2m | [22m
[32mhome.component-J5OUJ5LK.js[39m          [2m | [22m[2mhome-component[22m          [2m | [22m [36m25.43 kB[39m[2m | [22m
[32mchunk-VGFSK77Z.js[39m                   [2m | [22m[2m-[22m                       [2m | [22m [36m24.59 kB[39m[2m | [22m
[32mcatalog-detail.component-IUYIRURG.js[39m[2m | [22m[2mcatalog-detail-component[22m[2m | [22m [36m18.34 kB[39m[2m | [22m
[32mchunk-VFILDUVY.js[39m                   [2m | [22m[2m-[22m                       [2m | [22m  [36m2.89 kB[39m[2m | [22m

Application bundle generation complete. [1.153 seconds] - 2026-06-12T00:15:59.121Z

Watch mode enabled. Watching for file changes...
NOTE: Raw file sizes do not reflect development server per-request transformations.
  [32m➜[39m  [1mLocal[22m:   [36mhttp://localhost:[1m4200[22m/[39m
  [32m➜[39m  [1mNetwork[22m: [36mhttp://172.22.192.1:[1m4200[22m/[39m
  [32m➜[39m  [1mNetwork[22m: [36mhttp://192.168.100.56:[1m4200[22m/[39m
  [32m➜[39m  [1mNetwork[22m: [36mhttp://172.25.64.1:[1m4200[22m/[39m
[33m>[39m Changes detected. Rebuilding...
[32m√[39m Changes detected. Rebuilding...
[1mInitial chunk files[22m                 [2m | [22m[1mNames[22m                   [2m | [22m [1mRaw size[22m
[32mmain.js[39m                             [2m | [22m[2mmain[22m                    [2m | [22m  [36m4.44 kB[39m[2m | [22m
[32mchunk-TS7ADPUP.js[39m                   [2m | [22m[2m-[22m                       [2m | [22m  [36m3.23 kB[39m[2m | [22m
[32mchunk-AAXA7FXK.js[39m                   [2m | [22m[2m-[22m                       [2m | [22m[36m162 bytes[39m[2m | [22m

[1mLazy chunk files[22m                    [2m | [22m[1mNames[22m                   [2m | [22m [1mRaw size[22m
[32mupload-antique.component-SXMBVLBG.js[39m[2m | [22m[2mupload-antique-component[22m[2m | [22m[36m146.48 kB[39m[2m | [22m
[32mcollection.component-PMV74BMR.js[39m    [2m | [22m[2mcollection-component[22m    [2m | [22m[36m115.55 kB[39m[2m | [22m
[32mantique-detail.component-WB5DIVTR.js[39m[2m | [22m[2mantique-detail-component[22m[2m | [22m [36m92.10 kB[39m[2m | [22m
[32mmanage-users.component-VTCFILRP.js[39m  [2m | [22m[2mmanage-users-component[22m  [2m | [22m [36m69.87 kB[39m[2m | [22m
[32mmain-layout.component-T3TDHAKO.js[39m   [2m | [22m[2mmain-layout-component[22m   [2m | [22m [36m35.34 kB[39m[2m | [22m
[32mlogin.component-7DVBUZQ7.js[39m         [2m | [22m[2mlogin-component[22m         [2m | [22m [36m26.21 kB[39m[2m | [22m
[32mcatalog-detail.component-A2TKXDPH.js[39m[2m | [22m[2mcatalog-detail-component[22m[2m | [22m [36m18.34 kB[39m[2m | [22m
[32mchunk-CJQYNSZV.js[39m                   [2m | [22m[2m-[22m                       [2m | [22m  [36m2.89 kB[39m[2m | [22m

Application bundle generation complete. [0.344 seconds] - 2026-06-12T00:16:41.214Z

Page reload sent to client(s).
